// Jest Snapshot v1, https://goo.gl/fbAQLP

exports[`<GameItem /> should render the heading 1`] = `
<div
  class=""
>
  <h1>
    GameItem
  </h1>
</div>
`;
