// Jest Snapshot v1, https://goo.gl/fbAQLP

exports[`<MediaMatch /> should render the heading 1`] = `
<main
  class=""
>
  <h1>
    MediaMatch
  </h1>
</main>
`;
