// Jest Snapshot v1, https://goo.gl/fbAQLP

exports[`<Highlight /> should render heading and button 1`] = `
<main
  class=""
>
  <h1>
    Highlight
  </h1>
</main>
`;

exports[`<Highlight /> should render the heading 1`] = `
<main
  class=""
>
  <h1>
    Highlight
  </h1>
</main>
`;
